// Jest Snapshot v1, https://goo.gl/fbAQLP

exports[`index.test.ts blur 1`] = `
{
  "ethereum": {
    "usd": 1735.74,
  },
}
`;

exports[`index.test.ts opensea:carousel 1`] = `
{
  "data": {
    "categoriesV2": [
      {
        "imageUrl": "https://opensea.io/static/images/categories/maverick-art.png",
        "name": "Art",
        "slug": "art",
      },
      {
        "imageUrl": "https://opensea.io/static/images/categories/maverick-gaming.png",
        "name": "Gaming",
        "slug": "gaming",
      },
      {
        "imageUrl": "https://opensea.io/static/images/categories/maverick-membership.png",
        "name": "Memberships",
        "slug": "memberships",
      },
      {
        "imageUrl": "https://opensea.io/static/images/categories/maverick-pfps.png",
        "name": "PFPs",
        "slug": "pfps",
      },
      {
        "imageUrl": "https://opensea.io/static/images/categories/maverick-photography.png",
        "name": "Photography",
        "slug": "photography",
      },
    ],
  },
}
`;

exports[`index.test.ts opensea:categories 1`] = `
{
  "data": {
    "trendingCollectionsByCategory": {
      "edges": [
        {
          "node": {
            "banner": "https://i.seadn.io/gae/uDuiXQtKsZI9kpV7ke_yuDJSALBtPRXfiWlmO9oeqoeLE8SAjP0gIMUh0FKD18lxsuYL5dsV7QLlClwQja9UBsT8xO4VMNV5S6lx3A?w=500&auto=format",
            "drop": null,
            "id": "Q29sbGVjdGlvblR5cGU6NjcwNDM3Mw==",
            "isCategory": false,
            "name": "Editions x Guido",
            "slug": "editionsxguido",
            "verificationStatus": "VERIFIED",
            "windowCollectionStats": {
              "floorPrice": {
                "symbol": "ETH",
                "unit": "0.0098",
              },
              "volume": {
                "symbol": "ETH",
                "unit": "1.740038889889999885",
              },
            },
          },
        },
        {
          "node": {
            "banner": "https://i.seadn.io/gcs/files/78be1282a7520fe8534e276681ff2bd2.gif?w=500&auto=format",
            "drop": null,
            "id": "Q29sbGVjdGlvblR5cGU6NzE5NTI2MQ==",
            "isCategory": false,
            "name": "Withhearts Editions",
            "slug": "withheartseditions",
            "verificationStatus": "SAFELISTED",
            "windowCollectionStats": {
              "floorPrice": {
                "symbol": "ETH",
                "unit": "0.0035",
              },
              "volume": {
                "symbol": "ETH",
                "unit": "0.58084990000000003",
              },
            },
          },
        },
        {
          "node": {
            "banner": "https://i.seadn.io/gcs/files/7b3278c432571f435004bbaf7ecea88a.jpg?w=500&auto=format",
            "drop": null,
            "id": "Q29sbGVjdGlvblR5cGU6MTkxNjA5OTg=",
            "isCategory": false,
            "name": "Rach Stewart Limited Editions",
            "slug": "rach-stewart-limited-editions",
            "verificationStatus": "SAFELISTED",
            "windowCollectionStats": {
              "floorPrice": {
                "symbol": "ETH",
                "unit": "0.25",
              },
              "volume": {
                "symbol": "ETH",
                "unit": "0.130000000000000004",
              },
            },
          },
        },
        {
          "node": {
            "banner": "https://i.seadn.io/gcs/files/fc8b9fa805a8be0ce66d5883af45e4f0.png?w=500&auto=format",
            "drop": null,
            "id": "Q29sbGVjdGlvblR5cGU6MjI1ODU4Mzc=",
            "isCategory": false,
            "name": "HARAMBE: LEGENDS",
            "slug": "harambe-legends",
            "verificationStatus": "SAFELISTED",
            "windowCollectionStats": {
              "floorPrice": {
                "symbol": "ETH",
                "unit": "0.099",
              },
              "volume": {
                "symbol": "ETH",
                "unit": "0.100000000000000006",
              },
            },
          },
        },
        {
          "node": {
            "banner": "https://i.seadn.io/gae/M3_gmKaQb3rUDyfpq9tUgUv36wY-fjyy8Z7olTgA2JXxqYApySlJi16axg_XkMgmhRGS2N0DWw9YZoHLoMCwfb5ZHCwm7-eMGvPRwg?w=500&auto=format",
            "drop": null,
            "id": "Q29sbGVjdGlvblR5cGU6NDk3MDU2MA==",
            "isCategory": false,
            "name": "IreneDAO",
            "slug": "irenedao",
            "verificationStatus": "SAFELISTED",
            "windowCollectionStats": {
              "floorPrice": {
                "symbol": "ETH",
                "unit": "0.0881",
              },
              "volume": {
                "symbol": "ETH",
                "unit": "0.080000000000000002",
              },
            },
          },
        },
        {
          "node": {
            "banner": "https://i.seadn.io/gae/FT8RdW-T7bo3Tyg2ElUxS9BqmZypSw8Je_UMD9PcQBGUlnnsw6m5LPuXQZEBDZ_LrOHOdji8P54I-I00eSUh75dYBkN3puTp7s0F?w=500&auto=format",
            "drop": null,
            "id": "Q29sbGVjdGlvblR5cGU6MTI5NjI1ODU=",
            "isCategory": false,
            "name": "First Day Out by DrifterShoots",
            "slug": "firstdayout",
            "verificationStatus": "SAFELISTED",
            "windowCollectionStats": {
              "floorPrice": {
                "symbol": "ETH",
                "unit": "0.021",
              },
              "volume": {
                "symbol": "ETH",
                "unit": "0.064199999999999993",
              },
            },
          },
        },
        {
          "node": {
            "banner": "https://i.seadn.io/gcs/files/9d0eb28a5eaa906991118cf536f921d9.jpg?w=500&auto=format",
            "drop": null,
            "id": "Q29sbGVjdGlvblR5cGU6NzAwMDMzMA==",
            "isCategory": false,
            "name": "FREE MINT Editions X Tylersjourney",
            "slug": "editionsxtylersjourney",
            "verificationStatus": "SAFELISTED",
            "windowCollectionStats": {
              "floorPrice": {
                "symbol": "ETH",
                "unit": "0.001494",
              },
              "volume": {
                "symbol": "ETH",
                "unit": "0.035166999999999997",
              },
            },
          },
        },
      ],
    },
  },
}
`;
